<testsuites id="" name="" tests="26" failures="11" skipped="7" errors="0" time="164.041645">
<testsuite name="api\auth\account_flow.api.spec.ts" timestamp="2026-03-17T15:24:18.114Z" hostname="api" tests="5" failures="0" skipped="0" time="2.951" errors="0">
<testcase name="API Account Management Flow › [API-1] POST /createAccount - Create user account @smoke @critical" classname="api\auth\account_flow.api.spec.ts" time="1.247">
<properties>
<property name="Test Data" value="Email: qa_20260317T152420387Z_527@example.com | Password: Test1234">
</property>
</properties>
<system-out>
<![CDATA[Run context: [API-1] POST /createAccount - Create user account @smoke @critical | User: qa_20260317T152420387Z_527@example.com

[[ATTACHMENT|test-results\api-auth-account_flow.api--e6b33-user-account-smoke-critical-api\trace.zip]]
]]>
</system-out>
</testcase>
<testcase name="API Account Management Flow › [API-6] GET /getUserDetailByEmail - Get user account detail @high " classname="api\auth\account_flow.api.spec.ts" time="0.825">
<properties>
<property name="Test Data" value="Email: qa_20260317T152420387Z_527@example.com | Password: Test1234">
</property>
</properties>
<system-out>
<![CDATA[Run context: [API-6] GET /getUserDetailByEmail - Get user account detail @high  | User: qa_20260317T152420387Z_527@example.com

[[ATTACHMENT|test-results\api-auth-account_flow.api--e0919-t-user-account-detail-high--api\trace.zip]]
]]>
</system-out>
</testcase>
<testcase name="API Account Management Flow › [API-3] POST /verifyLogin - Verify login with valid details @critical " classname="api\auth\account_flow.api.spec.ts" time="0.28">
<properties>
<property name="Test Data" value="Email: qa_20260317T152420387Z_527@example.com | Password: Test1234">
</property>
</properties>
<system-out>
<![CDATA[Run context: [API-3] POST /verifyLogin - Verify login with valid details @critical  | User: qa_20260317T152420387Z_527@example.com

[[ATTACHMENT|test-results\api-auth-account_flow.api--ad45c-ith-valid-details-critical--api\trace.zip]]
]]>
</system-out>
</testcase>
<testcase name="API Account Management Flow › [API-7] POST /verifyLogin - Login with invalid details @medium " classname="api\auth\account_flow.api.spec.ts" time="0.261">
<properties>
<property name="Test Data" value="Email: qa_20260317T152420387Z_527@example.com | Password: Test1234">
</property>
</properties>
<system-out>
<![CDATA[Run context: [API-7] POST /verifyLogin - Login with invalid details @medium  | User: qa_20260317T152420387Z_527@example.com

[[ATTACHMENT|test-results\api-auth-account_flow.api--93329-ith-invalid-details-medium--api\trace.zip]]
]]>
</system-out>
</testcase>
<testcase name="API Account Management Flow › [API-2] DELETE /deleteAccount - Delete user account @smoke @critical" classname="api\auth\account_flow.api.spec.ts" time="0.338">
<properties>
<property name="Test Data" value="Email: qa_20260317T152420387Z_527@example.com | Password: Test1234">
</property>
</properties>
<system-out>
<![CDATA[Run context: [API-2] DELETE /deleteAccount - Delete user account @smoke @critical | User: qa_20260317T152420387Z_527@example.com

[[ATTACHMENT|test-results\api-auth-account_flow.api--ffa66-user-account-smoke-critical-api\trace.zip]]
]]>
</system-out>
</testcase>
</testsuite>
<testsuite name="monitoring\monitoring.spec.ts" timestamp="2026-03-17T15:24:18.114Z" hostname="monitoring" tests="1" failures="0" skipped="0" time="13.36" errors="0">
<testcase name="M-1 Network Performance Insight with Throttling" classname="monitoring\monitoring.spec.ts" time="13.36">
<properties>
<property name="Test Data" value="Network Throttling: Slow 3G | Metrics: {&quot;dns&quot;:72.5,&quot;tcp&quot;:88.39999997615814,&quot;ssl&quot;:87.89999997615814,&quot;ttfb&quot;:697.1000000238419,&quot;total&quot;:0}">
</property>
</properties>
<system-out>
<![CDATA[--- Performance Metrics (UNDER THROTTLING) ---
┌─────────┬───────────────────┐
│ (index) │ Values            │
├─────────┼───────────────────┤
│ dns     │ [33m72.5[39m              │
│ tcp     │ [33m88.39999997615814[39m │
│ ssl     │ [33m87.89999997615814[39m │
│ ttfb    │ [33m697.1000000238419[39m │
│ total   │ [33m0[39m                 │
└─────────┴───────────────────┘
Resource: https://pagead2.googlesyndication.com/getconfig/ab...
  TTFB: 283.72ms

[[ATTACHMENT|test-results\monitoring-monitoring-M-1--dbae8-nce-Insight-with-Throttling-monitoring\video.webm]]

[[ATTACHMENT|test-results\monitoring-monitoring-M-1--dbae8-nce-Insight-with-Throttling-monitoring\trace.zip]]
]]>
</system-out>
</testcase>
</testsuite>
<testsuite name="e2e\Account_create.spec.ts" timestamp="2026-03-17T15:24:18.114Z" hostname="chromium" tests="1" failures="1" skipped="0" time="33.602" errors="0">
<testcase name="E2E-1: Register User @critical @stable" classname="e2e\Account_create.spec.ts" time="33.602">
<properties>
<property name="Test Data" value="Name: user2540 | Email: qa_20260317T152421302Z_828@example.com | Password: Test1234">
</property>
</properties>
<failure message="Account_create.spec.ts:7:5 E2E-1: Register User @critical @stable" type="FAILURE">
<![CDATA[  [chromium] › e2e\Account_create.spec.ts:7:5 › E2E-1: Register User @critical @stable › Sign up new user 

    Error: expect(locator).toBeHidden() failed

    Locator:  locator('button[data-qa="create-account"]')
    Expected: hidden
    Received: visible
    Timeout:  5000ms

    Call log:
      - Expect "toBeHidden" with timeout 5000ms
      - waiting for locator('button[data-qa="create-account"]')
        8 × locator resolved to <button type="submit" class="btn btn-default" data-qa="create-account">Create Account</button>
          - unexpected value "visible"


       at ..\pages\signupPage.ts:107

      105 |     await this.mobileNumberInput.fill(user.mobileNumber);
      106 |     await this.createAccountButton.click(); 
    > 107 |     await expect(this.createAccountButton).toBeHidden();  
          |                                            ^
      108 |
      109 |   }   
      110 |
        at SignupPage.fillForm (C:\study\pw-e2e-automationexercise\pages\signupPage.ts:107:44)
        at C:\study\pw-e2e-automationexercise\tests\e2e\Account_create.spec.ts:19:5
        at C:\study\pw-e2e-automationexercise\tests\e2e\Account_create.spec.ts:17:3

    attachment #1: screenshot (image/png) ──────────────────────────────────────────────────────────
    ..\test-results\e2e-Account_create-E2E-1-Register-User-critical-stable-chromium\test-failed-1.png
    ────────────────────────────────────────────────────────────────────────────────────────────────

    attachment #2: video (video/webm) ──────────────────────────────────────────────────────────────
    ..\test-results\e2e-Account_create-E2E-1-Register-User-critical-stable-chromium\video.webm
    ────────────────────────────────────────────────────────────────────────────────────────────────

    Error Context: ..\test-results\e2e-Account_create-E2E-1-Register-User-critical-stable-chromium\error-context.md

    attachment #4: trace (application/zip) ─────────────────────────────────────────────────────────
    ..\test-results\e2e-Account_create-E2E-1-Register-User-critical-stable-chromium\trace.zip
    Usage:

        npx playwright show-trace ..\test-results\e2e-Account_create-E2E-1-Register-User-critical-stable-chromium\trace.zip

    ────────────────────────────────────────────────────────────────────────────────────────────────
]]>
</failure>
<system-out>
<![CDATA[
[[ATTACHMENT|test-results\e2e-Account_create-E2E-1-Register-User-critical-stable-chromium\test-failed-1.png]]

[[ATTACHMENT|test-results\e2e-Account_create-E2E-1-Register-User-critical-stable-chromium\video.webm]]

[[ATTACHMENT|test-results\e2e-Account_create-E2E-1-Register-User-critical-stable-chromium\error-context.md]]

[[ATTACHMENT|test-results\e2e-Account_create-E2E-1-Register-User-critical-stable-chromium\trace.zip]]
]]>
</system-out>
</testcase>
</testsuite>
<testsuite name="e2e\Account_login.spec.ts" timestamp="2026-03-17T15:24:18.114Z" hostname="chromium" tests="1" failures="0" skipped="0" time="13.544" errors="0">
<testcase name="Login tests › E2E-2: Login User with correct email and password (Hybrid) @smoke @critical" classname="e2e\Account_login.spec.ts" time="13.544">
<properties>
<property name="Test Data" value="Name: user8299 | Email: qa_20260317T152420513Z_790@example.com | Password: Test1234">
</property>
</properties>
<system-out>
<![CDATA[
[[ATTACHMENT|test-results\e2e-Account_login-Login-te-80a7d-sword-Hybrid-smoke-critical-chromium\test-finished-1.png]]

[[ATTACHMENT|test-results\e2e-Account_login-Login-te-80a7d-sword-Hybrid-smoke-critical-chromium\video.webm]]

[[ATTACHMENT|test-results\e2e-Account_login-Login-te-80a7d-sword-Hybrid-smoke-critical-chromium\trace.zip]]
]]>
</system-out>
</testcase>
</testsuite>
<testsuite name="e2e\Checkout.spec.ts" timestamp="2026-03-17T15:24:18.114Z" hostname="chromium" tests="3" failures="2" skipped="1" time="76.866" errors="0">
<testcase name="E2E-14: Place Order: Register while Checkout @critical" classname="e2e\Checkout.spec.ts" time="0">
<properties>
<property name="skip" value="">
</property>
</properties>
<skipped>
</skipped>
</testcase>
<testcase name="Place Order tests › E2E-15: Place Order: Register before Checkout @critical" classname="e2e\Checkout.spec.ts" time="42.231">
<properties>
<property name="Test Data" value="Name: user6727 | Email: qa_20260317T152428438Z_453@example.com | Password: Test1234">
</property>
</properties>
<failure message="Checkout.spec.ts:31:5 E2E-15: Place Order: Register before Checkout @critical" type="FAILURE">
<![CDATA[  [chromium] › e2e\Checkout.spec.ts:31:5 › Place Order tests › E2E-15: Place Order: Register before Checkout @critical 

    Test timeout of 30000ms exceeded.

    Error: page.waitForURL: Test timeout of 30000ms exceeded.

       at ..\pages\cartPage.ts:47

      45 |   async loginFromModal() {
      46 |     await this.page.locator('div#checkoutModal a[href="/login"]').click();
    > 47 |     await this.page.waitForURL('**/login');
         |                     ^
      48 |   }
      49 |
      50 |   async deleteProduct(id: string) {
        at CartPage.loginFromModal (C:\study\pw-e2e-automationexercise\pages\cartPage.ts:47:21)
        at C:\study\pw-e2e-automationexercise\tests\e2e\Checkout.spec.ts:44:5

    attachment #1: screenshot (image/png) ──────────────────────────────────────────────────────────
    ..\test-results\e2e-Checkout-Place-Order-t-0cf62-er-before-Checkout-critical-chromium\test-failed-1.png
    ────────────────────────────────────────────────────────────────────────────────────────────────

    attachment #2: video (video/webm) ──────────────────────────────────────────────────────────────
    ..\test-results\e2e-Checkout-Place-Order-t-0cf62-er-before-Checkout-critical-chromium\video.webm
    ────────────────────────────────────────────────────────────────────────────────────────────────

    Error Context: ..\test-results\e2e-Checkout-Place-Order-t-0cf62-er-before-Checkout-critical-chromium\error-context.md

    attachment #4: trace (application/zip) ─────────────────────────────────────────────────────────
    ..\test-results\e2e-Checkout-Place-Order-t-0cf62-er-before-Checkout-critical-chromium\trace.zip
    Usage:

        npx playwright show-trace ..\test-results\e2e-Checkout-Place-Order-t-0cf62-er-before-Checkout-critical-chromium\trace.zip

    ────────────────────────────────────────────────────────────────────────────────────────────────
]]>
</failure>
<system-out>
<![CDATA[
[[ATTACHMENT|test-results\e2e-Checkout-Place-Order-t-0cf62-er-before-Checkout-critical-chromium\test-failed-1.png]]

[[ATTACHMENT|test-results\e2e-Checkout-Place-Order-t-0cf62-er-before-Checkout-critical-chromium\video.webm]]

[[ATTACHMENT|test-results\e2e-Checkout-Place-Order-t-0cf62-er-before-Checkout-critical-chromium\error-context.md]]

[[ATTACHMENT|test-results\e2e-Checkout-Place-Order-t-0cf62-er-before-Checkout-critical-chromium\trace.zip]]
]]>
</system-out>
</testcase>
<testcase name="Place Order tests › E2E-16: Place Order: Login before Checkout @critical" classname="e2e\Checkout.spec.ts" time="34.635">
<properties>
<property name="Test Data" value="Name: user8992 | Email: qa_20260317T152442030Z_779@example.com | Password: Test1234">
</property>
</properties>
<failure message="Checkout.spec.ts:52:5 E2E-16: Place Order: Login before Checkout @critical" type="FAILURE">
<![CDATA[  [chromium] › e2e\Checkout.spec.ts:52:5 › Place Order tests › E2E-16: Place Order: Login before Checkout @critical 

    Test timeout of 30000ms exceeded.

    Error: locator.click: Test timeout of 30000ms exceeded.
    Call log:
      - waiting for locator('.productinfo a[data-product-id="2"]')


       at ..\pages\productsPage.ts:12

      10 |   async addProductById(productId: string) {
      11 |     await this.closeConsentIfPresent();
    > 12 |     await this.page.locator(`.productinfo a[data-product-id="${productId}"]`).click();
         |                                                                               ^
      13 |     await this.page.getByRole('button', { name: 'Continue Shopping' }).click();
      14 | }
      15 |
        at ProductsPage.addProductById (C:\study\pw-e2e-automationexercise\pages\productsPage.ts:12:79)
        at ProductsPage.addMultipleProducts (C:\study\pw-e2e-automationexercise\pages\productsPage.ts:18:9)
        at C:\study\pw-e2e-automationexercise\tests\e2e\Checkout.spec.ts:64:5

    attachment #1: screenshot (image/png) ──────────────────────────────────────────────────────────
    ..\test-results\e2e-Checkout-Place-Order-t-db6dd-in-before-Checkout-critical-chromium\test-failed-1.png
    ────────────────────────────────────────────────────────────────────────────────────────────────

    attachment #2: video (video/webm) ──────────────────────────────────────────────────────────────
    ..\test-results\e2e-Checkout-Place-Order-t-db6dd-in-before-Checkout-critical-chromium\video.webm
    ────────────────────────────────────────────────────────────────────────────────────────────────

    Error Context: ..\test-results\e2e-Checkout-Place-Order-t-db6dd-in-before-Checkout-critical-chromium\error-context.md

    attachment #4: trace (application/zip) ─────────────────────────────────────────────────────────
    ..\test-results\e2e-Checkout-Place-Order-t-db6dd-in-before-Checkout-critical-chromium\trace.zip
    Usage:

        npx playwright show-trace ..\test-results\e2e-Checkout-Place-Order-t-db6dd-in-before-Checkout-critical-chromium\trace.zip

    ────────────────────────────────────────────────────────────────────────────────────────────────
]]>
</failure>
<system-out>
<![CDATA[
[[ATTACHMENT|test-results\e2e-Checkout-Place-Order-t-db6dd-in-before-Checkout-critical-chromium\test-failed-1.png]]

[[ATTACHMENT|test-results\e2e-Checkout-Place-Order-t-db6dd-in-before-Checkout-critical-chromium\video.webm]]

[[ATTACHMENT|test-results\e2e-Checkout-Place-Order-t-db6dd-in-before-Checkout-critical-chromium\error-context.md]]

[[ATTACHMENT|test-results\e2e-Checkout-Place-Order-t-db6dd-in-before-Checkout-critical-chromium\trace.zip]]
]]>
</system-out>
</testcase>
</testsuite>
<testsuite name="monitoring\Account_create_concurrency.spec.ts" timestamp="2026-03-17T15:24:18.114Z" hostname="chromium" tests="1" failures="1" skipped="0" time="37.676" errors="0">
<testcase name="C-1 Concurrency Trap: Catching the 200 OK bug" classname="monitoring\Account_create_concurrency.spec.ts" time="37.676">
<properties>
<property name="fail" value="BUG-###: Race condition returns 200 OK">
</property>
</properties>
<failure message="Account_create_concurrency.spec.ts:7:5 C-1 Concurrency Trap: Catching the 200 OK bug" type="FAILURE">
<![CDATA[  [chromium] › monitoring\Account_create_concurrency.spec.ts:7:5 › C-1 Concurrency Trap: Catching the 200 OK bug 

    Test timeout of 30000ms exceeded.

    Error: 5 users failed to register due to race condition.

      36 |     const failed = results.filter(r => r.status === 'rejected');
      37 |     if (failed.length > 0) {
    > 38 |         throw new Error(`${failed.length} users failed to register due to race condition.`);
         |               ^
      39 |     }
      40 | });
      41 |
        at C:\study\pw-e2e-automationexercise\tests\monitoring\Account_create_concurrency.spec.ts:38:15

    attachment #1: screenshot (image/png) ──────────────────────────────────────────────────────────
    ..\test-results\monitoring-Account_create_-22658-rap-Catching-the-200-OK-bug-chromium\test-failed-4.png
    ────────────────────────────────────────────────────────────────────────────────────────────────

    attachment #2: screenshot (image/png) ──────────────────────────────────────────────────────────
    ..\test-results\monitoring-Account_create_-22658-rap-Catching-the-200-OK-bug-chromium\test-failed-3.png
    ────────────────────────────────────────────────────────────────────────────────────────────────

    attachment #3: screenshot (image/png) ──────────────────────────────────────────────────────────
    ..\test-results\monitoring-Account_create_-22658-rap-Catching-the-200-OK-bug-chromium\test-failed-5.png
    ────────────────────────────────────────────────────────────────────────────────────────────────

    attachment #4: screenshot (image/png) ──────────────────────────────────────────────────────────
    ..\test-results\monitoring-Account_create_-22658-rap-Catching-the-200-OK-bug-chromium\test-failed-2.png
    ────────────────────────────────────────────────────────────────────────────────────────────────

    Error Context: ..\test-results\monitoring-Account_create_-22658-rap-Catching-the-200-OK-bug-chromium\error-context.md

    attachment #6: trace (application/zip) ─────────────────────────────────────────────────────────
    ..\test-results\monitoring-Account_create_-22658-rap-Catching-the-200-OK-bug-chromium\trace.zip
    Usage:

        npx playwright show-trace ..\test-results\monitoring-Account_create_-22658-rap-Catching-the-200-OK-bug-chromium\trace.zip

    ────────────────────────────────────────────────────────────────────────────────────────────────
]]>
</failure>
<system-out>
<![CDATA[
[[ATTACHMENT|test-results\monitoring-Account_create_-22658-rap-Catching-the-200-OK-bug-chromium\test-failed-4.png]]

[[ATTACHMENT|test-results\monitoring-Account_create_-22658-rap-Catching-the-200-OK-bug-chromium\test-failed-3.png]]

[[ATTACHMENT|test-results\monitoring-Account_create_-22658-rap-Catching-the-200-OK-bug-chromium\test-failed-5.png]]

[[ATTACHMENT|test-results\monitoring-Account_create_-22658-rap-Catching-the-200-OK-bug-chromium\test-failed-2.png]]

[[ATTACHMENT|test-results\monitoring-Account_create_-22658-rap-Catching-the-200-OK-bug-chromium\error-context.md]]

[[ATTACHMENT|test-results\monitoring-Account_create_-22658-rap-Catching-the-200-OK-bug-chromium\trace.zip]]
]]>
</system-out>
</testcase>
</testsuite>
<testsuite name="e2e\Account_create.spec.ts" timestamp="2026-03-17T15:24:18.114Z" hostname="firefox" tests="1" failures="1" skipped="0" time="36.713" errors="0">
<testcase name="E2E-1: Register User @critical @stable" classname="e2e\Account_create.spec.ts" time="36.713">
<properties>
<property name="Test Data" value="Name: user5658 | Email: qa_20260317T152536208Z_857@example.com | Password: Test1234">
</property>
</properties>
<failure message="Account_create.spec.ts:7:5 E2E-1: Register User @critical @stable" type="FAILURE">
<![CDATA[  [firefox] › e2e\Account_create.spec.ts:7:5 › E2E-1: Register User @critical @stable ──────────────

    Test timeout of 30000ms exceeded.

    Error: locator.waitFor: Target page, context or browser has been closed

       at ..\pages\loginPage.ts:44

      42 |   async signUp(user: User) {
      43 |     
    > 44 |     await this.signupNameInput.waitFor({ state: 'visible', timeout: 10000 });
         |                                ^
      45 |     await this.signupEmailInput.waitFor({ state: 'visible', timeout: 10000 });
      46 |     await this.signupButton.waitFor({ state: 'visible', timeout: 10000 });
      47 |
        at LoginPage.signUp (C:\study\pw-e2e-automationexercise\pages\loginPage.ts:44:32)
        at C:\study\pw-e2e-automationexercise\tests\e2e\Account_create.spec.ts:18:21
        at C:\study\pw-e2e-automationexercise\tests\e2e\Account_create.spec.ts:17:14

    attachment #1: screenshot (image/png) ──────────────────────────────────────────────────────────
    ..\test-results\e2e-Account_create-E2E-1-Register-User-critical-stable-firefox\test-failed-1.png
    ────────────────────────────────────────────────────────────────────────────────────────────────

    attachment #2: video (video/webm) ──────────────────────────────────────────────────────────────
    ..\test-results\e2e-Account_create-E2E-1-Register-User-critical-stable-firefox\video.webm
    ────────────────────────────────────────────────────────────────────────────────────────────────

    Error Context: ..\test-results\e2e-Account_create-E2E-1-Register-User-critical-stable-firefox\error-context.md

    attachment #4: trace (application/zip) ─────────────────────────────────────────────────────────
    ..\test-results\e2e-Account_create-E2E-1-Register-User-critical-stable-firefox\trace.zip
    Usage:

        npx playwright show-trace ..\test-results\e2e-Account_create-E2E-1-Register-User-critical-stable-firefox\trace.zip

    ────────────────────────────────────────────────────────────────────────────────────────────────
]]>
</failure>
<system-out>
<![CDATA[
[[ATTACHMENT|test-results\e2e-Account_create-E2E-1-Register-User-critical-stable-firefox\test-failed-1.png]]

[[ATTACHMENT|test-results\e2e-Account_create-E2E-1-Register-User-critical-stable-firefox\video.webm]]

[[ATTACHMENT|test-results\e2e-Account_create-E2E-1-Register-User-critical-stable-firefox\error-context.md]]

[[ATTACHMENT|test-results\e2e-Account_create-E2E-1-Register-User-critical-stable-firefox\trace.zip]]
]]>
</system-out>
</testcase>
</testsuite>
<testsuite name="e2e\Account_login.spec.ts" timestamp="2026-03-17T15:24:18.114Z" hostname="firefox" tests="1" failures="1" skipped="0" time="39.818" errors="0">
<testcase name="Login tests › E2E-2: Login User with correct email and password (Hybrid) @smoke @critical" classname="e2e\Account_login.spec.ts" time="39.818">
<properties>
<property name="Test Data" value="Name: user6001 | Email: qa_20260317T152529888Z_926@example.com | Password: Test1234">
</property>
</properties>
<failure message="Account_login.spec.ts:20:7 E2E-2: Login User with correct email and password (Hybrid) @smoke @critical" type="FAILURE">
<![CDATA[  [firefox] › e2e\Account_login.spec.ts:20:7 › Login tests › E2E-2: Login User with correct email and password (Hybrid) @smoke @critical 

    Test timeout of 30000ms exceeded.

    Error: locator.waitFor: Target page, context or browser has been closed

       at ..\pages\loginPage.ts:31

      29 |
      30 |   async login(user: User) {
    > 31 |     await this.loginEmailInput.waitFor({ state: 'visible', timeout: 10000 });
         |                                ^
      32 |     await this.loginPasswordInput.waitFor({ state: 'visible', timeout: 10000 });
      33 |     await this.loginButton.waitFor({ state: 'visible', timeout: 10000 });
      34 |
        at LoginPage.login (C:\study\pw-e2e-automationexercise\pages\loginPage.ts:31:32)
        at C:\study\pw-e2e-automationexercise\tests\e2e\Account_login.spec.ts:23:21

    attachment #1: screenshot (image/png) ──────────────────────────────────────────────────────────
    ..\test-results\e2e-Account_login-Login-te-80a7d-sword-Hybrid-smoke-critical-firefox\test-failed-1.png
    ────────────────────────────────────────────────────────────────────────────────────────────────

    attachment #2: video (video/webm) ──────────────────────────────────────────────────────────────
    ..\test-results\e2e-Account_login-Login-te-80a7d-sword-Hybrid-smoke-critical-firefox\video.webm
    ────────────────────────────────────────────────────────────────────────────────────────────────

    attachment #3: trace (application/zip) ─────────────────────────────────────────────────────────
    ..\test-results\e2e-Account_login-Login-te-80a7d-sword-Hybrid-smoke-critical-firefox\trace.zip
    Usage:

        npx playwright show-trace ..\test-results\e2e-Account_login-Login-te-80a7d-sword-Hybrid-smoke-critical-firefox\trace.zip

    ────────────────────────────────────────────────────────────────────────────────────────────────
]]>
</failure>
<system-out>
<![CDATA[
[[ATTACHMENT|test-results\e2e-Account_login-Login-te-80a7d-sword-Hybrid-smoke-critical-firefox\test-failed-1.png]]

[[ATTACHMENT|test-results\e2e-Account_login-Login-te-80a7d-sword-Hybrid-smoke-critical-firefox\video.webm]]

[[ATTACHMENT|test-results\e2e-Account_login-Login-te-80a7d-sword-Hybrid-smoke-critical-firefox\trace.zip]]
]]>
</system-out>
</testcase>
</testsuite>
<testsuite name="e2e\Checkout.spec.ts" timestamp="2026-03-17T15:24:18.114Z" hostname="firefox" tests="3" failures="2" skipped="1" time="71.904" errors="0">
<testcase name="E2E-14: Place Order: Register while Checkout @critical" classname="e2e\Checkout.spec.ts" time="0">
<properties>
<property name="skip" value="">
</property>
</properties>
<skipped>
</skipped>
</testcase>
<testcase name="Place Order tests › E2E-15: Place Order: Register before Checkout @critical" classname="e2e\Checkout.spec.ts" time="39.724">
<properties>
<property name="Test Data" value="Name: user9806 | Email: qa_20260317T152533104Z_692@example.com | Password: Test1234">
</property>
</properties>
<failure message="Checkout.spec.ts:31:5 E2E-15: Place Order: Register before Checkout @critical" type="FAILURE">
<![CDATA[  [firefox] › e2e\Checkout.spec.ts:31:5 › Place Order tests › E2E-15: Place Order: Register before Checkout @critical 

    Test timeout of 30000ms exceeded.

    Error: locator.click: Target page, context or browser has been closed

       at ..\pages\productsPage.ts:12

      10 |   async addProductById(productId: string) {
      11 |     await this.closeConsentIfPresent();
    > 12 |     await this.page.locator(`.productinfo a[data-product-id="${productId}"]`).click();
         |                                                                               ^
      13 |     await this.page.getByRole('button', { name: 'Continue Shopping' }).click();
      14 | }
      15 |
        at ProductsPage.addProductById (C:\study\pw-e2e-automationexercise\pages\productsPage.ts:12:79)
        at ProductsPage.addMultipleProducts (C:\study\pw-e2e-automationexercise\pages\productsPage.ts:18:9)
        at C:\study\pw-e2e-automationexercise\tests\e2e\Checkout.spec.ts:39:5

    attachment #1: video (video/webm) ──────────────────────────────────────────────────────────────
    ..\test-results\e2e-Checkout-Place-Order-t-0cf62-er-before-Checkout-critical-firefox\video.webm
    ────────────────────────────────────────────────────────────────────────────────────────────────

    Error Context: ..\test-results\e2e-Checkout-Place-Order-t-0cf62-er-before-Checkout-critical-firefox\error-context.md

    attachment #3: trace (application/zip) ─────────────────────────────────────────────────────────
    ..\test-results\e2e-Checkout-Place-Order-t-0cf62-er-before-Checkout-critical-firefox\trace.zip
    Usage:

        npx playwright show-trace ..\test-results\e2e-Checkout-Place-Order-t-0cf62-er-before-Checkout-critical-firefox\trace.zip

    ────────────────────────────────────────────────────────────────────────────────────────────────
]]>
</failure>
<system-out>
<![CDATA[
[[ATTACHMENT|test-results\e2e-Checkout-Place-Order-t-0cf62-er-before-Checkout-critical-firefox\video.webm]]

[[ATTACHMENT|test-results\e2e-Checkout-Place-Order-t-0cf62-er-before-Checkout-critical-firefox\error-context.md]]

[[ATTACHMENT|test-results\e2e-Checkout-Place-Order-t-0cf62-er-before-Checkout-critical-firefox\trace.zip]]
]]>
</system-out>
</testcase>
<testcase name="Place Order tests › E2E-16: Place Order: Login before Checkout @critical" classname="e2e\Checkout.spec.ts" time="32.18">
<properties>
<property name="Test Data" value="Name: user7474 | Email: qa_20260317T152536149Z_598@example.com | Password: Test1234">
</property>
</properties>
<failure message="Checkout.spec.ts:52:5 E2E-16: Place Order: Login before Checkout @critical" type="FAILURE">
<![CDATA[  [firefox] › e2e\Checkout.spec.ts:52:5 › Place Order tests › E2E-16: Place Order: Login before Checkout @critical 

    Error: locator.fill: Unknown engine "name" while parsing selector name=name-on-card
    Call log:
      - waiting for locator('name=name-on-card')


       at ..\pages\paymentPage.ts:27

      25 |
      26 |     async fillPaymentDetails(details: CardDetails) {
    > 27 |         await this.nameOnCardInput.fill(details.holder);
         |                                    ^
      28 |         await this.cardNumberInput.fill(details.number);
      29 |         await this.cvcInput.fill(details.cvc);
      30 |         await this.expiryMonthInput.fill(details.expiryMonth);
        at PaymentPage.fillPaymentDetails (C:\study\pw-e2e-automationexercise\pages\paymentPage.ts:27:36)
        at C:\study\pw-e2e-automationexercise\tests\e2e\Checkout.spec.ts:71:23

    attachment #1: screenshot (image/png) ──────────────────────────────────────────────────────────
    ..\test-results\e2e-Checkout-Place-Order-t-db6dd-in-before-Checkout-critical-firefox\test-failed-1.png
    ────────────────────────────────────────────────────────────────────────────────────────────────

    attachment #2: video (video/webm) ──────────────────────────────────────────────────────────────
    ..\test-results\e2e-Checkout-Place-Order-t-db6dd-in-before-Checkout-critical-firefox\video.webm
    ────────────────────────────────────────────────────────────────────────────────────────────────

    Error Context: ..\test-results\e2e-Checkout-Place-Order-t-db6dd-in-before-Checkout-critical-firefox\error-context.md

    attachment #4: trace (application/zip) ─────────────────────────────────────────────────────────
    ..\test-results\e2e-Checkout-Place-Order-t-db6dd-in-before-Checkout-critical-firefox\trace.zip
    Usage:

        npx playwright show-trace ..\test-results\e2e-Checkout-Place-Order-t-db6dd-in-before-Checkout-critical-firefox\trace.zip

    ────────────────────────────────────────────────────────────────────────────────────────────────
]]>
</failure>
<system-out>
<![CDATA[
[[ATTACHMENT|test-results\e2e-Checkout-Place-Order-t-db6dd-in-before-Checkout-critical-firefox\test-failed-1.png]]

[[ATTACHMENT|test-results\e2e-Checkout-Place-Order-t-db6dd-in-before-Checkout-critical-firefox\video.webm]]

[[ATTACHMENT|test-results\e2e-Checkout-Place-Order-t-db6dd-in-before-Checkout-critical-firefox\error-context.md]]

[[ATTACHMENT|test-results\e2e-Checkout-Place-Order-t-db6dd-in-before-Checkout-critical-firefox\trace.zip]]
]]>
</system-out>
</testcase>
</testsuite>
<testsuite name="monitoring\Account_create_concurrency.spec.ts" timestamp="2026-03-17T15:24:18.114Z" hostname="firefox" tests="1" failures="0" skipped="1" time="0.001" errors="0">
<testcase name="C-1 Concurrency Trap: Catching the 200 OK bug" classname="monitoring\Account_create_concurrency.spec.ts" time="0.001">
<properties>
<property name="skip" value="This bug is Chromium-specific">
</property>
</properties>
<skipped>
</skipped>
</testcase>
</testsuite>
<testsuite name="monitoring\monitoring.spec.ts" timestamp="2026-03-17T15:24:18.114Z" hostname="firefox" tests="1" failures="0" skipped="1" time="0.001" errors="0">
<testcase name="M-1 Network Performance Insight with Throttling" classname="monitoring\monitoring.spec.ts" time="0.001">
<properties>
<property name="skip" value="CDP metrics only work in Chromium">
</property>
</properties>
<skipped>
</skipped>
</testcase>
</testsuite>
<testsuite name="e2e\Account_create.spec.ts" timestamp="2026-03-17T15:24:18.114Z" hostname="webkit" tests="1" failures="1" skipped="0" time="34.889" errors="0">
<testcase name="E2E-1: Register User @critical @stable" classname="e2e\Account_create.spec.ts" time="34.889">
<properties>
<property name="Test Data" value="Name: user2061 | Email: qa_20260317T152621521Z_277@example.com | Password: Test1234">
</property>
</properties>
<failure message="Account_create.spec.ts:7:5 E2E-1: Register User @critical @stable" type="FAILURE">
<![CDATA[  [webkit] › e2e\Account_create.spec.ts:7:5 › E2E-1: Register User @critical @stable › Sign up new user 

    Test timeout of 30000ms exceeded.

    Error: locator.fill: Test timeout of 30000ms exceeded.
    Call log:
      - waiting for locator('input[data-qa="state"]')
        - locator resolved to <input value="" id="state" type="text" required="" name="state" data-qa="state" class="form-control"/>
        - fill("Kentucky")
      - attempting fill action
        - waiting for element to be visible, enabled and editable


       at ..\pages\signupPage.ts:102

      100 |     // address2 is optional, so we can skip filling it
      101 |     await this.countrySelect.selectOption({ label: user.country });
    > 102 |     await this.stateInput.fill(user.state);
          |                           ^
      103 |     await this.cityInput.fill(user.city);
      104 |     await this.zipcodeInput.fill(user.zipcode);
      105 |     await this.mobileNumberInput.fill(user.mobileNumber);
        at SignupPage.fillForm (C:\study\pw-e2e-automationexercise\pages\signupPage.ts:102:27)
        at C:\study\pw-e2e-automationexercise\tests\e2e\Account_create.spec.ts:19:5
        at C:\study\pw-e2e-automationexercise\tests\e2e\Account_create.spec.ts:17:3

    attachment #1: screenshot (image/png) ──────────────────────────────────────────────────────────
    ..\test-results\e2e-Account_create-E2E-1-Register-User-critical-stable-webkit\test-failed-1.png
    ────────────────────────────────────────────────────────────────────────────────────────────────

    attachment #2: video (video/webm) ──────────────────────────────────────────────────────────────
    ..\test-results\e2e-Account_create-E2E-1-Register-User-critical-stable-webkit\video.webm
    ────────────────────────────────────────────────────────────────────────────────────────────────

    Error Context: ..\test-results\e2e-Account_create-E2E-1-Register-User-critical-stable-webkit\error-context.md

    attachment #4: trace (application/zip) ─────────────────────────────────────────────────────────
    ..\test-results\e2e-Account_create-E2E-1-Register-User-critical-stable-webkit\trace.zip
    Usage:

        npx playwright show-trace ..\test-results\e2e-Account_create-E2E-1-Register-User-critical-stable-webkit\trace.zip

    ────────────────────────────────────────────────────────────────────────────────────────────────
]]>
</failure>
<system-out>
<![CDATA[
[[ATTACHMENT|test-results\e2e-Account_create-E2E-1-Register-User-critical-stable-webkit\test-failed-1.png]]

[[ATTACHMENT|test-results\e2e-Account_create-E2E-1-Register-User-critical-stable-webkit\video.webm]]

[[ATTACHMENT|test-results\e2e-Account_create-E2E-1-Register-User-critical-stable-webkit\error-context.md]]

[[ATTACHMENT|test-results\e2e-Account_create-E2E-1-Register-User-critical-stable-webkit\trace.zip]]
]]>
</system-out>
</testcase>
</testsuite>
<testsuite name="e2e\Account_login.spec.ts" timestamp="2026-03-17T15:24:18.114Z" hostname="webkit" tests="1" failures="0" skipped="0" time="32.583" errors="0">
<testcase name="Login tests › E2E-2: Login User with correct email and password (Hybrid) @smoke @critical" classname="e2e\Account_login.spec.ts" time="32.583">
<properties>
<property name="Test Data" value="Name: user7116 | Email: qa_20260317T152620618Z_69@example.com | Password: Test1234">
</property>
</properties>
<system-out>
<![CDATA[
[[ATTACHMENT|test-results\e2e-Account_login-Login-te-80a7d-sword-Hybrid-smoke-critical-webkit\test-finished-1.png]]

[[ATTACHMENT|test-results\e2e-Account_login-Login-te-80a7d-sword-Hybrid-smoke-critical-webkit\video.webm]]

[[ATTACHMENT|test-results\e2e-Account_login-Login-te-80a7d-sword-Hybrid-smoke-critical-webkit\trace.zip]]
]]>
</system-out>
</testcase>
</testsuite>
<testsuite name="e2e\Checkout.spec.ts" timestamp="2026-03-17T15:24:18.114Z" hostname="webkit" tests="3" failures="2" skipped="1" time="69.87" errors="0">
<testcase name="E2E-14: Place Order: Register while Checkout @critical" classname="e2e\Checkout.spec.ts" time="0">
<properties>
<property name="skip" value="">
</property>
</properties>
<skipped>
</skipped>
</testcase>
<testcase name="Place Order tests › E2E-15: Place Order: Register before Checkout @critical" classname="e2e\Checkout.spec.ts" time="34.728">
<properties>
<property name="Test Data" value="Name: user8978 | Email: qa_20260317T152623494Z_549@example.com | Password: Test1234">
</property>
</properties>
<failure message="Checkout.spec.ts:31:5 E2E-15: Place Order: Register before Checkout @critical" type="FAILURE">
<![CDATA[  [webkit] › e2e\Checkout.spec.ts:31:5 › Place Order tests › E2E-15: Place Order: Register before Checkout @critical 

    Test timeout of 30000ms exceeded.

    Error: locator.click: Test timeout of 30000ms exceeded.
    Call log:
      - waiting for locator('.shop-menu').getByRole('link', { name: 'Cart' })
        - locator resolved to <a href="/view_cart">…</a>
      - attempting click action
        - waiting for" https://automationexercise.com/login" navigation to finish...
        - navigated to "https://automationexercise.com/login"
        - waiting for element to be visible, enabled and stable
      - element was detached from the DOM, retrying
        - locator resolved to <a href="/view_cart">…</a>
      - attempting click action
        - waiting for element to be visible, enabled and stable


       at ..\pages\basePage.ts:40

      38 |     async goToLogin() { await this.loginLink.click(); }
      39 |     async goToProducts() { await this.productsLink.click(); }
    > 40 |     async goToCart() { await this.cartLink.click(); }
         |                                            ^
      41 |     async deleteAccount() {await this.deleteAccountLink.click();}
      42 |
      43 |     async verifyLoggedInAs(userName: string) {
        at LoginPage.goToCart (C:\study\pw-e2e-automationexercise\pages\basePage.ts:40:44)
        at C:\study\pw-e2e-automationexercise\tests\e2e\Checkout.spec.ts:47:21

    attachment #1: screenshot (image/png) ──────────────────────────────────────────────────────────
    ..\test-results\e2e-Checkout-Place-Order-t-0cf62-er-before-Checkout-critical-webkit\test-failed-1.png
    ────────────────────────────────────────────────────────────────────────────────────────────────

    attachment #2: video (video/webm) ──────────────────────────────────────────────────────────────
    ..\test-results\e2e-Checkout-Place-Order-t-0cf62-er-before-Checkout-critical-webkit\video.webm
    ────────────────────────────────────────────────────────────────────────────────────────────────

    Error Context: ..\test-results\e2e-Checkout-Place-Order-t-0cf62-er-before-Checkout-critical-webkit\error-context.md

    attachment #4: trace (application/zip) ─────────────────────────────────────────────────────────
    ..\test-results\e2e-Checkout-Place-Order-t-0cf62-er-before-Checkout-critical-webkit\trace.zip
    Usage:

        npx playwright show-trace ..\test-results\e2e-Checkout-Place-Order-t-0cf62-er-before-Checkout-critical-webkit\trace.zip

    ────────────────────────────────────────────────────────────────────────────────────────────────
]]>
</failure>
<system-out>
<![CDATA[
[[ATTACHMENT|test-results\e2e-Checkout-Place-Order-t-0cf62-er-before-Checkout-critical-webkit\test-failed-1.png]]

[[ATTACHMENT|test-results\e2e-Checkout-Place-Order-t-0cf62-er-before-Checkout-critical-webkit\video.webm]]

[[ATTACHMENT|test-results\e2e-Checkout-Place-Order-t-0cf62-er-before-Checkout-critical-webkit\error-context.md]]

[[ATTACHMENT|test-results\e2e-Checkout-Place-Order-t-0cf62-er-before-Checkout-critical-webkit\trace.zip]]
]]>
</system-out>
</testcase>
<testcase name="Place Order tests › E2E-16: Place Order: Login before Checkout @critical" classname="e2e\Checkout.spec.ts" time="35.142">
<properties>
<property name="Test Data" value="Name: user4137 | Email: qa_20260317T152623769Z_126@example.com | Password: Test1234">
</property>
</properties>
<failure message="Checkout.spec.ts:52:5 E2E-16: Place Order: Login before Checkout @critical" type="FAILURE">
<![CDATA[  [webkit] › e2e\Checkout.spec.ts:52:5 › Place Order tests › E2E-16: Place Order: Login before Checkout @critical 

    Test timeout of 30000ms exceeded.

    Error: locator.click: Test timeout of 30000ms exceeded.
    Call log:
      - waiting for locator('.productinfo a[data-product-id="4"]')
        - locator resolved to <a data-product-id="4" class="btn btn-default add-to-cart">…</a>
      - attempting click action
        - waiting for element to be visible, enabled and stable
        - element is visible, enabled and stable
        - scrolling into view if needed
        - done scrolling


       at ..\pages\productsPage.ts:12

      10 |   async addProductById(productId: string) {
      11 |     await this.closeConsentIfPresent();
    > 12 |     await this.page.locator(`.productinfo a[data-product-id="${productId}"]`).click();
         |                                                                               ^
      13 |     await this.page.getByRole('button', { name: 'Continue Shopping' }).click();
      14 | }
      15 |
        at ProductsPage.addProductById (C:\study\pw-e2e-automationexercise\pages\productsPage.ts:12:79)
        at ProductsPage.addMultipleProducts (C:\study\pw-e2e-automationexercise\pages\productsPage.ts:18:9)
        at C:\study\pw-e2e-automationexercise\tests\e2e\Checkout.spec.ts:64:5

    attachment #1: screenshot (image/png) ──────────────────────────────────────────────────────────
    ..\test-results\e2e-Checkout-Place-Order-t-db6dd-in-before-Checkout-critical-webkit\test-failed-1.png
    ────────────────────────────────────────────────────────────────────────────────────────────────

    attachment #2: video (video/webm) ──────────────────────────────────────────────────────────────
    ..\test-results\e2e-Checkout-Place-Order-t-db6dd-in-before-Checkout-critical-webkit\video.webm
    ────────────────────────────────────────────────────────────────────────────────────────────────

    Error Context: ..\test-results\e2e-Checkout-Place-Order-t-db6dd-in-before-Checkout-critical-webkit\error-context.md

    attachment #4: trace (application/zip) ─────────────────────────────────────────────────────────
    ..\test-results\e2e-Checkout-Place-Order-t-db6dd-in-before-Checkout-critical-webkit\trace.zip
    Usage:

        npx playwright show-trace ..\test-results\e2e-Checkout-Place-Order-t-db6dd-in-before-Checkout-critical-webkit\trace.zip

    ────────────────────────────────────────────────────────────────────────────────────────────────
]]>
</failure>
<system-out>
<![CDATA[
[[ATTACHMENT|test-results\e2e-Checkout-Place-Order-t-db6dd-in-before-Checkout-critical-webkit\test-failed-1.png]]

[[ATTACHMENT|test-results\e2e-Checkout-Place-Order-t-db6dd-in-before-Checkout-critical-webkit\video.webm]]

[[ATTACHMENT|test-results\e2e-Checkout-Place-Order-t-db6dd-in-before-Checkout-critical-webkit\error-context.md]]

[[ATTACHMENT|test-results\e2e-Checkout-Place-Order-t-db6dd-in-before-Checkout-critical-webkit\trace.zip]]
]]>
</system-out>
</testcase>
</testsuite>
<testsuite name="monitoring\Account_create_concurrency.spec.ts" timestamp="2026-03-17T15:24:18.114Z" hostname="webkit" tests="1" failures="0" skipped="1" time="0.001" errors="0">
<testcase name="C-1 Concurrency Trap: Catching the 200 OK bug" classname="monitoring\Account_create_concurrency.spec.ts" time="0.001">
<properties>
<property name="skip" value="This bug is Chromium-specific">
</property>
</properties>
<skipped>
</skipped>
</testcase>
</testsuite>
<testsuite name="monitoring\monitoring.spec.ts" timestamp="2026-03-17T15:24:18.114Z" hostname="webkit" tests="1" failures="0" skipped="1" time="0" errors="0">
<testcase name="M-1 Network Performance Insight with Throttling" classname="monitoring\monitoring.spec.ts" time="0">
<properties>
<property name="skip" value="CDP metrics only work in Chromium">
</property>
</properties>
<skipped>
</skipped>
</testcase>
</testsuite>
</testsuites>